
> @erp-suite/web@1.0.0 build C:\Users\PC\Desktop\sistema-ventas\apps\web
> next build

   ▲ Next.js 15.3.3
   - Environments: .env.local

   Creating an optimized production build ...
 ✓ Compiled successfully in 4.0s
   Skipping validation of types
   Skipping linting
   Collecting page data ...
   Generating static pages (0/2) ...
 ✓ Generating static pages (2/2)
   Finalizing page optimization ...
   Collecting build traces ...

Route (app)                                 Size  First Load JS
┌ ƒ /                                      137 B         101 kB
├ ƒ /_not-found                            976 B         102 kB
├ ƒ /dashboard                           4.49 kB         106 kB
├ ƒ /dashboard/analytics                 5.14 kB         147 kB
├ ƒ /dashboard/compras                   6.74 kB         108 kB
├ ƒ /dashboard/configuracion             7.29 kB         149 kB
├ ƒ /dashboard/contabilidad              10.3 kB         152 kB
├ ƒ /dashboard/cotizaciones              8.58 kB         151 kB
├ ƒ /dashboard/cpe                        7.5 kB         156 kB
├ ƒ /dashboard/documentos                10.8 kB         153 kB
├ ƒ /dashboard/finanzas                  4.34 kB         146 kB
├ ƒ /dashboard/gre                       5.16 kB         154 kB
├ ƒ /dashboard/inventario                8.57 kB         151 kB
├ ƒ /dashboard/pos                       9.92 kB         152 kB
├ ƒ /dashboard/rrhh                      4.31 kB         109 kB
├ ƒ /dashboard/rrhh/asistencia           3.16 kB         145 kB
├ ƒ /dashboard/rrhh/candidatos           7.63 kB         150 kB
├ ƒ /dashboard/rrhh/contratos            5.88 kB         148 kB
├ ƒ /dashboard/rrhh/pagos                4.17 kB         146 kB
├ ƒ /dashboard/rrhh/planillas            10.3 kB         152 kB
├ ƒ /dashboard/sire                      8.25 kB         150 kB
├ ƒ /dashboard/usuarios                  5.34 kB         107 kB
└ ƒ /login                               4.91 kB         147 kB
+ First Load JS shared by all             101 kB
  ├ chunks/343-79d4f6f54c7fb383.js         46 kB
  ├ chunks/70425b43-c65524675f4563af.js  53.2 kB
  └ other shared chunks (total)          2.05 kB


ƒ Middleware                             66.1 kB

ƒ  (Dynamic)  server-rendered on demand

